Analysis & Elaboration report for ALU
Sat May 02 23:17:01 2020
Quartus Prime Version 18.0.0 Build 614 04/24/2018 SJ Lite Edition


---------------------
; Table of Contents ;
---------------------
  1. Legal Notice
  2. Analysis & Elaboration Summary
  3. Parallel Compilation
  4. Parameter Settings for User Entity Instance: unidad_logico_aritmetica:PRUEBA
  5. Parameter Settings for User Entity Instance: unidad_logico_aritmetica:PRUEBA|compuerta_and:And
  6. Parameter Settings for User Entity Instance: unidad_logico_aritmetica:PRUEBA|compuerta_or:Or
  7. Parameter Settings for User Entity Instance: unidad_logico_aritmetica:PRUEBA|compuerta_xor:Xor
  8. Parameter Settings for User Entity Instance: unidad_logico_aritmetica:PRUEBA|compuerta_not:Not
  9. Parameter Settings for User Entity Instance: unidad_logico_aritmetica:PRUEBA|correr_derecha_logico:RAShiftL
 10. Parameter Settings for User Entity Instance: unidad_logico_aritmetica:PRUEBA|correr_izquierda_logico:LAShiftL
 11. Parameter Settings for User Entity Instance: unidad_logico_aritmetica:PRUEBA|correr_derecha_logico:RBShiftL
 12. Parameter Settings for User Entity Instance: unidad_logico_aritmetica:PRUEBA|correr_izquierda_logico:LBShiftL
 13. Parameter Settings for User Entity Instance: unidad_logico_aritmetica:PRUEBA|mux3a8:MuxL
 14. Parameter Settings for User Entity Instance: unidad_logico_aritmetica:PRUEBA|sumador:Add
 15. Parameter Settings for User Entity Instance: unidad_logico_aritmetica:PRUEBA|restador:Minus
 16. Parameter Settings for User Entity Instance: unidad_logico_aritmetica:PRUEBA|correr_derecha_aritmetico:RAShiftA
 17. Parameter Settings for User Entity Instance: unidad_logico_aritmetica:PRUEBA|correr_izquierda_aritmetico:LAShiftA
 18. Parameter Settings for User Entity Instance: unidad_logico_aritmetica:PRUEBA|correr_derecha_aritmetico:RBShiftA
 19. Parameter Settings for User Entity Instance: unidad_logico_aritmetica:PRUEBA|correr_izquierda_aritmetico:LBShiftA
 20. Parameter Settings for User Entity Instance: unidad_logico_aritmetica:PRUEBA|mux3a8:MuxA
 21. Parameter Settings for User Entity Instance: unidad_logico_aritmetica:PRUEBA|mux1a2:MuxR
 22. Parameter Settings for User Entity Instance: unidad_logico_aritmetica:PRUEBA|flag_negativo:Fnegativo
 23. Parameter Settings for User Entity Instance: unidad_logico_aritmetica:PRUEBA|flag_cero:FCero
 24. Parameter Settings for User Entity Instance: unidad_logico_aritmetica:PRUEBA|flag_overflow:FOverflow
 25. Parameter Settings for User Entity Instance: unidad_logico_aritmetica:PRUEBA|flag_carry:FCarry
 26. Analysis & Elaboration Settings
 27. Port Connectivity Checks: "unidad_logico_aritmetica:PRUEBA|mux3a8:MuxA"
 28. Port Connectivity Checks: "unidad_logico_aritmetica:PRUEBA|sumador:Add"
 29. Port Connectivity Checks: "unidad_logico_aritmetica:PRUEBA"
 30. Analysis & Elaboration Messages



----------------
; Legal Notice ;
----------------
Copyright (C) 2018  Intel Corporation. All rights reserved.
Your use of Intel Corporation's design tools, logic functions 
and other software and tools, and its AMPP partner logic 
functions, and any output files from any of the foregoing 
(including device programming or simulation files), and any 
associated documentation or information are expressly subject 
to the terms and conditions of the Intel Program License 
Subscription Agreement, the Intel Quartus Prime License Agreement,
the Intel FPGA IP License Agreement, or other applicable license
agreement, including, without limitation, that your use is for
the sole purpose of programming logic devices manufactured by
Intel and sold by Intel or its authorized distributors.  Please
refer to the applicable agreement for further details.



+-----------------------------------------------------------------------------+
; Analysis & Elaboration Summary                                              ;
+-------------------------------+---------------------------------------------+
; Analysis & Elaboration Status ; Successful - Sat May 02 23:17:01 2020       ;
; Quartus Prime Version         ; 18.0.0 Build 614 04/24/2018 SJ Lite Edition ;
; Revision Name                 ; ALU                                         ;
; Top-level Entity Name         ; unidad_logico_aritmetica_test_6             ;
; Family                        ; Cyclone V                                   ;
; Logic utilization (in ALMs)   ; N/A until Partition Merge                   ;
; Total registers               ; N/A until Partition Merge                   ;
; Total pins                    ; N/A until Partition Merge                   ;
; Total virtual pins            ; N/A until Partition Merge                   ;
; Total block memory bits       ; N/A until Partition Merge                   ;
; Total PLLs                    ; N/A until Partition Merge                   ;
; Total DLLs                    ; N/A until Partition Merge                   ;
+-------------------------------+---------------------------------------------+


+------------------------------------------+
; Parallel Compilation                     ;
+----------------------------+-------------+
; Processors                 ; Number      ;
+----------------------------+-------------+
; Number detected on machine ; 4           ;
; Maximum allowed            ; 2           ;
;                            ;             ;
; Average used               ; 1.00        ;
; Maximum used               ; 1           ;
;                            ;             ;
; Usage by Processor         ; % Time Used ;
;     Processor 1            ; 100.0%      ;
+----------------------------+-------------+


+------------------------------------------------------------------------------+
; Parameter Settings for User Entity Instance: unidad_logico_aritmetica:PRUEBA ;
+----------------+-------+-----------------------------------------------------+
; Parameter Name ; Value ; Type                                                ;
+----------------+-------+-----------------------------------------------------+
; N              ; 4     ; Signed Integer                                      ;
+----------------+-------+-----------------------------------------------------+
Note: In order to hide this table in the UI and the text report file, please set the "Show Parameter Settings in Synthesis Report" option in "Analysis and Synthesis Settings -> More Settings" to "Off".


+------------------------------------------------------------------------------------------------+
; Parameter Settings for User Entity Instance: unidad_logico_aritmetica:PRUEBA|compuerta_and:And ;
+----------------+-------+-----------------------------------------------------------------------+
; Parameter Name ; Value ; Type                                                                  ;
+----------------+-------+-----------------------------------------------------------------------+
; N              ; 4     ; Signed Integer                                                        ;
+----------------+-------+-----------------------------------------------------------------------+
Note: In order to hide this table in the UI and the text report file, please set the "Show Parameter Settings in Synthesis Report" option in "Analysis and Synthesis Settings -> More Settings" to "Off".


+----------------------------------------------------------------------------------------------+
; Parameter Settings for User Entity Instance: unidad_logico_aritmetica:PRUEBA|compuerta_or:Or ;
+----------------+-------+---------------------------------------------------------------------+
; Parameter Name ; Value ; Type                                                                ;
+----------------+-------+---------------------------------------------------------------------+
; N              ; 4     ; Signed Integer                                                      ;
+----------------+-------+---------------------------------------------------------------------+
Note: In order to hide this table in the UI and the text report file, please set the "Show Parameter Settings in Synthesis Report" option in "Analysis and Synthesis Settings -> More Settings" to "Off".


+------------------------------------------------------------------------------------------------+
; Parameter Settings for User Entity Instance: unidad_logico_aritmetica:PRUEBA|compuerta_xor:Xor ;
+----------------+-------+-----------------------------------------------------------------------+
; Parameter Name ; Value ; Type                                                                  ;
+----------------+-------+-----------------------------------------------------------------------+
; N              ; 4     ; Signed Integer                                                        ;
+----------------+-------+-----------------------------------------------------------------------+
Note: In order to hide this table in the UI and the text report file, please set the "Show Parameter Settings in Synthesis Report" option in "Analysis and Synthesis Settings -> More Settings" to "Off".


+------------------------------------------------------------------------------------------------+
; Parameter Settings for User Entity Instance: unidad_logico_aritmetica:PRUEBA|compuerta_not:Not ;
+----------------+-------+-----------------------------------------------------------------------+
; Parameter Name ; Value ; Type                                                                  ;
+----------------+-------+-----------------------------------------------------------------------+
; N              ; 4     ; Signed Integer                                                        ;
+----------------+-------+-----------------------------------------------------------------------+
Note: In order to hide this table in the UI and the text report file, please set the "Show Parameter Settings in Synthesis Report" option in "Analysis and Synthesis Settings -> More Settings" to "Off".


+-------------------------------------------------------------------------------------------------------------+
; Parameter Settings for User Entity Instance: unidad_logico_aritmetica:PRUEBA|correr_derecha_logico:RAShiftL ;
+----------------+-------+------------------------------------------------------------------------------------+
; Parameter Name ; Value ; Type                                                                               ;
+----------------+-------+------------------------------------------------------------------------------------+
; N              ; 4     ; Signed Integer                                                                     ;
+----------------+-------+------------------------------------------------------------------------------------+
Note: In order to hide this table in the UI and the text report file, please set the "Show Parameter Settings in Synthesis Report" option in "Analysis and Synthesis Settings -> More Settings" to "Off".


+---------------------------------------------------------------------------------------------------------------+
; Parameter Settings for User Entity Instance: unidad_logico_aritmetica:PRUEBA|correr_izquierda_logico:LAShiftL ;
+----------------+-------+--------------------------------------------------------------------------------------+
; Parameter Name ; Value ; Type                                                                                 ;
+----------------+-------+--------------------------------------------------------------------------------------+
; N              ; 4     ; Signed Integer                                                                       ;
+----------------+-------+--------------------------------------------------------------------------------------+
Note: In order to hide this table in the UI and the text report file, please set the "Show Parameter Settings in Synthesis Report" option in "Analysis and Synthesis Settings -> More Settings" to "Off".


+-------------------------------------------------------------------------------------------------------------+
; Parameter Settings for User Entity Instance: unidad_logico_aritmetica:PRUEBA|correr_derecha_logico:RBShiftL ;
+----------------+-------+------------------------------------------------------------------------------------+
; Parameter Name ; Value ; Type                                                                               ;
+----------------+-------+------------------------------------------------------------------------------------+
; N              ; 4     ; Signed Integer                                                                     ;
+----------------+-------+------------------------------------------------------------------------------------+
Note: In order to hide this table in the UI and the text report file, please set the "Show Parameter Settings in Synthesis Report" option in "Analysis and Synthesis Settings -> More Settings" to "Off".


+---------------------------------------------------------------------------------------------------------------+
; Parameter Settings for User Entity Instance: unidad_logico_aritmetica:PRUEBA|correr_izquierda_logico:LBShiftL ;
+----------------+-------+--------------------------------------------------------------------------------------+
; Parameter Name ; Value ; Type                                                                                 ;
+----------------+-------+--------------------------------------------------------------------------------------+
; N              ; 4     ; Signed Integer                                                                       ;
+----------------+-------+--------------------------------------------------------------------------------------+
Note: In order to hide this table in the UI and the text report file, please set the "Show Parameter Settings in Synthesis Report" option in "Analysis and Synthesis Settings -> More Settings" to "Off".


+------------------------------------------------------------------------------------------+
; Parameter Settings for User Entity Instance: unidad_logico_aritmetica:PRUEBA|mux3a8:MuxL ;
+----------------+-------+-----------------------------------------------------------------+
; Parameter Name ; Value ; Type                                                            ;
+----------------+-------+-----------------------------------------------------------------+
; N              ; 4     ; Signed Integer                                                  ;
+----------------+-------+-----------------------------------------------------------------+
Note: In order to hide this table in the UI and the text report file, please set the "Show Parameter Settings in Synthesis Report" option in "Analysis and Synthesis Settings -> More Settings" to "Off".


+------------------------------------------------------------------------------------------+
; Parameter Settings for User Entity Instance: unidad_logico_aritmetica:PRUEBA|sumador:Add ;
+----------------+-------+-----------------------------------------------------------------+
; Parameter Name ; Value ; Type                                                            ;
+----------------+-------+-----------------------------------------------------------------+
; N              ; 4     ; Signed Integer                                                  ;
+----------------+-------+-----------------------------------------------------------------+
Note: In order to hide this table in the UI and the text report file, please set the "Show Parameter Settings in Synthesis Report" option in "Analysis and Synthesis Settings -> More Settings" to "Off".


+---------------------------------------------------------------------------------------------+
; Parameter Settings for User Entity Instance: unidad_logico_aritmetica:PRUEBA|restador:Minus ;
+----------------+-------+--------------------------------------------------------------------+
; Parameter Name ; Value ; Type                                                               ;
+----------------+-------+--------------------------------------------------------------------+
; N              ; 4     ; Signed Integer                                                     ;
+----------------+-------+--------------------------------------------------------------------+
Note: In order to hide this table in the UI and the text report file, please set the "Show Parameter Settings in Synthesis Report" option in "Analysis and Synthesis Settings -> More Settings" to "Off".


+-----------------------------------------------------------------------------------------------------------------+
; Parameter Settings for User Entity Instance: unidad_logico_aritmetica:PRUEBA|correr_derecha_aritmetico:RAShiftA ;
+----------------+-------+----------------------------------------------------------------------------------------+
; Parameter Name ; Value ; Type                                                                                   ;
+----------------+-------+----------------------------------------------------------------------------------------+
; N              ; 4     ; Signed Integer                                                                         ;
+----------------+-------+----------------------------------------------------------------------------------------+
Note: In order to hide this table in the UI and the text report file, please set the "Show Parameter Settings in Synthesis Report" option in "Analysis and Synthesis Settings -> More Settings" to "Off".


+-------------------------------------------------------------------------------------------------------------------+
; Parameter Settings for User Entity Instance: unidad_logico_aritmetica:PRUEBA|correr_izquierda_aritmetico:LAShiftA ;
+----------------+-------+------------------------------------------------------------------------------------------+
; Parameter Name ; Value ; Type                                                                                     ;
+----------------+-------+------------------------------------------------------------------------------------------+
; N              ; 4     ; Signed Integer                                                                           ;
+----------------+-------+------------------------------------------------------------------------------------------+
Note: In order to hide this table in the UI and the text report file, please set the "Show Parameter Settings in Synthesis Report" option in "Analysis and Synthesis Settings -> More Settings" to "Off".


+-----------------------------------------------------------------------------------------------------------------+
; Parameter Settings for User Entity Instance: unidad_logico_aritmetica:PRUEBA|correr_derecha_aritmetico:RBShiftA ;
+----------------+-------+----------------------------------------------------------------------------------------+
; Parameter Name ; Value ; Type                                                                                   ;
+----------------+-------+----------------------------------------------------------------------------------------+
; N              ; 4     ; Signed Integer                                                                         ;
+----------------+-------+----------------------------------------------------------------------------------------+
Note: In order to hide this table in the UI and the text report file, please set the "Show Parameter Settings in Synthesis Report" option in "Analysis and Synthesis Settings -> More Settings" to "Off".


+-------------------------------------------------------------------------------------------------------------------+
; Parameter Settings for User Entity Instance: unidad_logico_aritmetica:PRUEBA|correr_izquierda_aritmetico:LBShiftA ;
+----------------+-------+------------------------------------------------------------------------------------------+
; Parameter Name ; Value ; Type                                                                                     ;
+----------------+-------+------------------------------------------------------------------------------------------+
; N              ; 4     ; Signed Integer                                                                           ;
+----------------+-------+------------------------------------------------------------------------------------------+
Note: In order to hide this table in the UI and the text report file, please set the "Show Parameter Settings in Synthesis Report" option in "Analysis and Synthesis Settings -> More Settings" to "Off".


+------------------------------------------------------------------------------------------+
; Parameter Settings for User Entity Instance: unidad_logico_aritmetica:PRUEBA|mux3a8:MuxA ;
+----------------+-------+-----------------------------------------------------------------+
; Parameter Name ; Value ; Type                                                            ;
+----------------+-------+-----------------------------------------------------------------+
; N              ; 4     ; Signed Integer                                                  ;
+----------------+-------+-----------------------------------------------------------------+
Note: In order to hide this table in the UI and the text report file, please set the "Show Parameter Settings in Synthesis Report" option in "Analysis and Synthesis Settings -> More Settings" to "Off".


+------------------------------------------------------------------------------------------+
; Parameter Settings for User Entity Instance: unidad_logico_aritmetica:PRUEBA|mux1a2:MuxR ;
+----------------+-------+-----------------------------------------------------------------+
; Parameter Name ; Value ; Type                                                            ;
+----------------+-------+-----------------------------------------------------------------+
; N              ; 4     ; Signed Integer                                                  ;
+----------------+-------+-----------------------------------------------------------------+
Note: In order to hide this table in the UI and the text report file, please set the "Show Parameter Settings in Synthesis Report" option in "Analysis and Synthesis Settings -> More Settings" to "Off".


+------------------------------------------------------------------------------------------------------+
; Parameter Settings for User Entity Instance: unidad_logico_aritmetica:PRUEBA|flag_negativo:Fnegativo ;
+----------------+-------+-----------------------------------------------------------------------------+
; Parameter Name ; Value ; Type                                                                        ;
+----------------+-------+-----------------------------------------------------------------------------+
; N              ; 4     ; Signed Integer                                                              ;
+----------------+-------+-----------------------------------------------------------------------------+
Note: In order to hide this table in the UI and the text report file, please set the "Show Parameter Settings in Synthesis Report" option in "Analysis and Synthesis Settings -> More Settings" to "Off".


+----------------------------------------------------------------------------------------------+
; Parameter Settings for User Entity Instance: unidad_logico_aritmetica:PRUEBA|flag_cero:FCero ;
+----------------+-------+---------------------------------------------------------------------+
; Parameter Name ; Value ; Type                                                                ;
+----------------+-------+---------------------------------------------------------------------+
; N              ; 4     ; Signed Integer                                                      ;
+----------------+-------+---------------------------------------------------------------------+
Note: In order to hide this table in the UI and the text report file, please set the "Show Parameter Settings in Synthesis Report" option in "Analysis and Synthesis Settings -> More Settings" to "Off".


+------------------------------------------------------------------------------------------------------+
; Parameter Settings for User Entity Instance: unidad_logico_aritmetica:PRUEBA|flag_overflow:FOverflow ;
+----------------+-------+-----------------------------------------------------------------------------+
; Parameter Name ; Value ; Type                                                                        ;
+----------------+-------+-----------------------------------------------------------------------------+
; N              ; 4     ; Signed Integer                                                              ;
+----------------+-------+-----------------------------------------------------------------------------+
Note: In order to hide this table in the UI and the text report file, please set the "Show Parameter Settings in Synthesis Report" option in "Analysis and Synthesis Settings -> More Settings" to "Off".


+------------------------------------------------------------------------------------------------+
; Parameter Settings for User Entity Instance: unidad_logico_aritmetica:PRUEBA|flag_carry:FCarry ;
+----------------+-------+-----------------------------------------------------------------------+
; Parameter Name ; Value ; Type                                                                  ;
+----------------+-------+-----------------------------------------------------------------------+
; N              ; 4     ; Signed Integer                                                        ;
+----------------+-------+-----------------------------------------------------------------------+
Note: In order to hide this table in the UI and the text report file, please set the "Show Parameter Settings in Synthesis Report" option in "Analysis and Synthesis Settings -> More Settings" to "Off".


+----------------------------------------------------------------------------------------------------------------------------------------+
; Analysis & Elaboration Settings                                                                                                        ;
+---------------------------------------------------------------------------------+---------------------------------+--------------------+
; Option                                                                          ; Setting                         ; Default Value      ;
+---------------------------------------------------------------------------------+---------------------------------+--------------------+
; Device                                                                          ; 5CGXFC7C7F23C8                  ;                    ;
; Top-level entity name                                                           ; unidad_logico_aritmetica_test_6 ; ALU                ;
; Family name                                                                     ; Cyclone V                       ; Cyclone V          ;
; Use smart compilation                                                           ; Off                             ; Off                ;
; Enable parallel Assembler and Timing Analyzer during compilation                ; On                              ; On                 ;
; Enable compact report table                                                     ; Off                             ; Off                ;
; Restructure Multiplexers                                                        ; Auto                            ; Auto               ;
; MLAB Add Timing Constraints For Mixed-Port Feed-Through Mode Setting Don't Care ; Off                             ; Off                ;
; Create Debugging Nodes for IP Cores                                             ; Off                             ; Off                ;
; Preserve fewer node names                                                       ; On                              ; On                 ;
; Intel FPGA IP Evaluation Mode                                                   ; Enable                          ; Enable             ;
; Verilog Version                                                                 ; Verilog_2001                    ; Verilog_2001       ;
; VHDL Version                                                                    ; VHDL_1993                       ; VHDL_1993          ;
; State Machine Processing                                                        ; Auto                            ; Auto               ;
; Safe State Machine                                                              ; Off                             ; Off                ;
; Extract Verilog State Machines                                                  ; On                              ; On                 ;
; Extract VHDL State Machines                                                     ; On                              ; On                 ;
; Ignore Verilog initial constructs                                               ; Off                             ; Off                ;
; Iteration limit for constant Verilog loops                                      ; 5000                            ; 5000               ;
; Iteration limit for non-constant Verilog loops                                  ; 250                             ; 250                ;
; Add Pass-Through Logic to Inferred RAMs                                         ; On                              ; On                 ;
; Infer RAMs from Raw Logic                                                       ; On                              ; On                 ;
; Parallel Synthesis                                                              ; On                              ; On                 ;
; DSP Block Balancing                                                             ; Auto                            ; Auto               ;
; NOT Gate Push-Back                                                              ; On                              ; On                 ;
; Power-Up Don't Care                                                             ; On                              ; On                 ;
; Remove Redundant Logic Cells                                                    ; Off                             ; Off                ;
; Remove Duplicate Registers                                                      ; On                              ; On                 ;
; Ignore CARRY Buffers                                                            ; Off                             ; Off                ;
; Ignore CASCADE Buffers                                                          ; Off                             ; Off                ;
; Ignore GLOBAL Buffers                                                           ; Off                             ; Off                ;
; Ignore ROW GLOBAL Buffers                                                       ; Off                             ; Off                ;
; Ignore LCELL Buffers                                                            ; Off                             ; Off                ;
; Ignore SOFT Buffers                                                             ; On                              ; On                 ;
; Limit AHDL Integers to 32 Bits                                                  ; Off                             ; Off                ;
; Optimization Technique                                                          ; Balanced                        ; Balanced           ;
; Carry Chain Length                                                              ; 70                              ; 70                 ;
; Auto Carry Chains                                                               ; On                              ; On                 ;
; Auto Open-Drain Pins                                                            ; On                              ; On                 ;
; Perform WYSIWYG Primitive Resynthesis                                           ; Off                             ; Off                ;
; Auto ROM Replacement                                                            ; On                              ; On                 ;
; Auto RAM Replacement                                                            ; On                              ; On                 ;
; Auto DSP Block Replacement                                                      ; On                              ; On                 ;
; Auto Shift Register Replacement                                                 ; Auto                            ; Auto               ;
; Allow Shift Register Merging across Hierarchies                                 ; Auto                            ; Auto               ;
; Auto Clock Enable Replacement                                                   ; On                              ; On                 ;
; Strict RAM Replacement                                                          ; Off                             ; Off                ;
; Allow Synchronous Control Signals                                               ; On                              ; On                 ;
; Force Use of Synchronous Clear Signals                                          ; Off                             ; Off                ;
; Auto Resource Sharing                                                           ; Off                             ; Off                ;
; Allow Any RAM Size For Recognition                                              ; Off                             ; Off                ;
; Allow Any ROM Size For Recognition                                              ; Off                             ; Off                ;
; Allow Any Shift Register Size For Recognition                                   ; Off                             ; Off                ;
; Use LogicLock Constraints during Resource Balancing                             ; On                              ; On                 ;
; Ignore translate_off and synthesis_off directives                               ; Off                             ; Off                ;
; Timing-Driven Synthesis                                                         ; On                              ; On                 ;
; Report Parameter Settings                                                       ; On                              ; On                 ;
; Report Source Assignments                                                       ; On                              ; On                 ;
; Report Connectivity Checks                                                      ; On                              ; On                 ;
; Ignore Maximum Fan-Out Assignments                                              ; Off                             ; Off                ;
; Synchronization Register Chain Length                                           ; 3                               ; 3                  ;
; Power Optimization During Synthesis                                             ; Normal compilation              ; Normal compilation ;
; HDL message level                                                               ; Level2                          ; Level2             ;
; Suppress Register Optimization Related Messages                                 ; Off                             ; Off                ;
; Number of Removed Registers Reported in Synthesis Report                        ; 5000                            ; 5000               ;
; Number of Swept Nodes Reported in Synthesis Report                              ; 5000                            ; 5000               ;
; Number of Inverted Registers Reported in Synthesis Report                       ; 100                             ; 100                ;
; Clock MUX Protection                                                            ; On                              ; On                 ;
; Auto Gated Clock Conversion                                                     ; Off                             ; Off                ;
; Block Design Naming                                                             ; Auto                            ; Auto               ;
; SDC constraint protection                                                       ; Off                             ; Off                ;
; Synthesis Effort                                                                ; Auto                            ; Auto               ;
; Shift Register Replacement - Allow Asynchronous Clear Signal                    ; On                              ; On                 ;
; Pre-Mapping Resynthesis Optimization                                            ; Off                             ; Off                ;
; Analysis & Synthesis Message Level                                              ; Medium                          ; Medium             ;
; Disable Register Merging Across Hierarchies                                     ; Auto                            ; Auto               ;
; Resource Aware Inference For Block RAM                                          ; On                              ; On                 ;
; Automatic Parallel Synthesis                                                    ; On                              ; On                 ;
; Partial Reconfiguration Bitstream ID                                            ; Off                             ; Off                ;
+---------------------------------------------------------------------------------+---------------------------------+--------------------+


+------------------------------------------------------------------------------------------------------------------------------------------------------------------------------+
; Port Connectivity Checks: "unidad_logico_aritmetica:PRUEBA|mux3a8:MuxA"                                                                                                      ;
+---------+-------+----------+-------------------------------------------------------------------------------------------------------------------------------------------------+
; Port    ; Type  ; Severity ; Details                                                                                                                                         ;
+---------+-------+----------+-------------------------------------------------------------------------------------------------------------------------------------------------+
; result7 ; Input ; Warning  ; Input port expression (1 bits) is smaller than the input port (4 bits) it drives.  Extra input bit(s) "result7[3..1]" will be connected to GND. ;
; result8 ; Input ; Warning  ; Input port expression (1 bits) is smaller than the input port (4 bits) it drives.  Extra input bit(s) "result8[3..1]" will be connected to GND. ;
+---------+-------+----------+-------------------------------------------------------------------------------------------------------------------------------------------------+


+-------------------------------------------------------------------------+
; Port Connectivity Checks: "unidad_logico_aritmetica:PRUEBA|sumador:Add" ;
+------+-------+----------+-----------------------------------------------+
; Port ; Type  ; Severity ; Details                                       ;
+------+-------+----------+-----------------------------------------------+
; cin  ; Input ; Info     ; Stuck at GND                                  ;
+------+-------+----------+-----------------------------------------------+


+--------------------------------------------------------------------------------------------------------------------------+
; Port Connectivity Checks: "unidad_logico_aritmetica:PRUEBA"                                                              ;
+----------------+--------+----------+-------------------------------------------------------------------------------------+
; Port           ; Type   ; Severity ; Details                                                                             ;
+----------------+--------+----------+-------------------------------------------------------------------------------------+
; resultadoFinal ; Output ; Info     ; Connected to dangling logic. Logic that only feeds a dangling port will be removed. ;
; flagNegativo   ; Output ; Info     ; Connected to dangling logic. Logic that only feeds a dangling port will be removed. ;
; flagCero       ; Output ; Info     ; Connected to dangling logic. Logic that only feeds a dangling port will be removed. ;
; flagOverflow   ; Output ; Info     ; Connected to dangling logic. Logic that only feeds a dangling port will be removed. ;
; flagCarry      ; Output ; Info     ; Connected to dangling logic. Logic that only feeds a dangling port will be removed. ;
+----------------+--------+----------+-------------------------------------------------------------------------------------+


+---------------------------------+
; Analysis & Elaboration Messages ;
+---------------------------------+
Info: *******************************************************************
Info: Running Quartus Prime Analysis & Elaboration
    Info: Version 18.0.0 Build 614 04/24/2018 SJ Lite Edition
    Info: Processing started: Sat May 02 23:16:48 2020
Info: Command: quartus_map --read_settings_files=on --write_settings_files=off ALU -c ALU --analysis_and_elaboration
Warning (18236): Number of processors has not been specified which may cause overloading on shared machines.  Set the global assignment NUM_PARALLEL_PROCESSORS in your QSF to an appropriate value for best performance.
Info (20030): Parallel compilation is enabled and will use 2 of the 2 processors detected
Info (12021): Found 1 design units, including 1 entities, in source file operacioneslogicas/compuerta_and.sv
    Info (12023): Found entity 1: compuerta_and File: D:/ProgramData/intelFPGA_lite/18.0/Laboratorio3/ALU/OperacionesLogicas/compuerta_and.sv Line: 3
Info (12021): Found 1 design units, including 1 entities, in source file operacioneslogicas/compuerta_not.sv
    Info (12023): Found entity 1: compuerta_not File: D:/ProgramData/intelFPGA_lite/18.0/Laboratorio3/ALU/OperacionesLogicas/compuerta_not.sv Line: 1
Info (12021): Found 1 design units, including 1 entities, in source file operacioneslogicas/compuerta_or.sv
    Info (12023): Found entity 1: compuerta_or File: D:/ProgramData/intelFPGA_lite/18.0/Laboratorio3/ALU/OperacionesLogicas/compuerta_or.sv Line: 1
Info (12021): Found 1 design units, including 1 entities, in source file operacioneslogicas/compuerta_xor.sv
    Info (12023): Found entity 1: compuerta_xor File: D:/ProgramData/intelFPGA_lite/18.0/Laboratorio3/ALU/OperacionesLogicas/compuerta_xor.sv Line: 1
Info (12021): Found 1 design units, including 1 entities, in source file unidad/unidad_logico_aritmetica.sv
    Info (12023): Found entity 1: unidad_logico_aritmetica File: D:/ProgramData/intelFPGA_lite/18.0/Laboratorio3/ALU/Unidad/unidad_logico_aritmetica.sv Line: 1
Info (12021): Found 1 design units, including 1 entities, in source file operacionesaritmeticas/restador.sv
    Info (12023): Found entity 1: restador File: D:/ProgramData/intelFPGA_lite/18.0/Laboratorio3/ALU/OperacionesAritmeticas/restador.sv Line: 1
Info (12021): Found 1 design units, including 1 entities, in source file operacionesaritmeticas/sumador.sv
    Info (12023): Found entity 1: sumador File: D:/ProgramData/intelFPGA_lite/18.0/Laboratorio3/ALU/OperacionesAritmeticas/sumador.sv Line: 1
Info (12021): Found 1 design units, including 1 entities, in source file operacioneslogicas/correr_derecha_logico.sv
    Info (12023): Found entity 1: correr_derecha_logico File: D:/ProgramData/intelFPGA_lite/18.0/Laboratorio3/ALU/OperacionesLogicas/correr_derecha_logico.sv Line: 1
Info (12021): Found 1 design units, including 1 entities, in source file operacioneslogicas/correr_izquierda_logico.sv
    Info (12023): Found entity 1: correr_izquierda_logico File: D:/ProgramData/intelFPGA_lite/18.0/Laboratorio3/ALU/OperacionesLogicas/correr_izquierda_logico.sv Line: 1
Info (12021): Found 1 design units, including 1 entities, in source file unidad/mux3a8.sv
    Info (12023): Found entity 1: mux3a8 File: D:/ProgramData/intelFPGA_lite/18.0/Laboratorio3/ALU/Unidad/mux3a8.sv Line: 1
Info (12021): Found 1 design units, including 1 entities, in source file unidad/mux3a8_test.sv
    Info (12023): Found entity 1: mux3a8_test File: D:/ProgramData/intelFPGA_lite/18.0/Laboratorio3/ALU/Unidad/mux3a8_test.sv Line: 1
Info (12021): Found 1 design units, including 1 entities, in source file unidad/mux1a2.sv
    Info (12023): Found entity 1: mux1a2 File: D:/ProgramData/intelFPGA_lite/18.0/Laboratorio3/ALU/Unidad/mux1a2.sv Line: 1
Info (12021): Found 1 design units, including 1 entities, in source file operacionesaritmeticas/correr_derecha_aritmetico.sv
    Info (12023): Found entity 1: correr_derecha_aritmetico File: D:/ProgramData/intelFPGA_lite/18.0/Laboratorio3/ALU/OperacionesAritmeticas/correr_derecha_aritmetico.sv Line: 1
Info (12021): Found 1 design units, including 1 entities, in source file operacionesaritmeticas/correr_derecha_aritmetico_test.sv
    Info (12023): Found entity 1: correr_derecha_aritmetico_test File: D:/ProgramData/intelFPGA_lite/18.0/Laboratorio3/ALU/OperacionesAritmeticas/correr_derecha_aritmetico_test.sv Line: 1
Info (12021): Found 1 design units, including 1 entities, in source file operacionesaritmeticas/correr_izquierda_aritmetico.sv
    Info (12023): Found entity 1: correr_izquierda_aritmetico File: D:/ProgramData/intelFPGA_lite/18.0/Laboratorio3/ALU/OperacionesAritmeticas/correr_izquierda_aritmetico.sv Line: 1
Info (12021): Found 1 design units, including 1 entities, in source file unidadflags/flag_negativo.sv
    Info (12023): Found entity 1: flag_negativo File: D:/ProgramData/intelFPGA_lite/18.0/Laboratorio3/ALU/UnidadFlags/flag_negativo.sv Line: 1
Info (12021): Found 1 design units, including 1 entities, in source file unidadflags/flag_overflow.sv
    Info (12023): Found entity 1: flag_overflow File: D:/ProgramData/intelFPGA_lite/18.0/Laboratorio3/ALU/UnidadFlags/flag_overflow.sv Line: 1
Info (12021): Found 1 design units, including 1 entities, in source file unidadflags/overflow_flag_test.sv
    Info (12023): Found entity 1: overflow_flag_test File: D:/ProgramData/intelFPGA_lite/18.0/Laboratorio3/ALU/UnidadFlags/overflow_flag_test.sv Line: 1
Info (12021): Found 1 design units, including 1 entities, in source file unidadflags/flag_carry.sv
    Info (12023): Found entity 1: flag_carry File: D:/ProgramData/intelFPGA_lite/18.0/Laboratorio3/ALU/UnidadFlags/flag_carry.sv Line: 1
Info (12021): Found 1 design units, including 1 entities, in source file unidadflags/flag_cero.sv
    Info (12023): Found entity 1: flag_cero File: D:/ProgramData/intelFPGA_lite/18.0/Laboratorio3/ALU/UnidadFlags/flag_cero.sv Line: 1
Info (12021): Found 1 design units, including 1 entities, in source file registro/register.sv
    Info (12023): Found entity 1: register File: D:/ProgramData/intelFPGA_lite/18.0/Laboratorio3/ALU/Registro/register.sv Line: 1
Info (12021): Found 1 design units, including 1 entities, in source file registro/frecuencia_tb.sv
    Info (12023): Found entity 1: frecuencia_tb File: D:/ProgramData/intelFPGA_lite/18.0/Laboratorio3/ALU/Registro/frecuencia_tb.sv Line: 1
Info (12021): Found 1 design units, including 1 entities, in source file pruebasalu/unidad_logico_aritmetica_test_1.sv
    Info (12023): Found entity 1: unidad_logico_aritmetica_test_1 File: D:/ProgramData/intelFPGA_lite/18.0/Laboratorio3/ALU/PruebasALU/unidad_logico_aritmetica_test_1.sv Line: 1
Info (12021): Found 1 design units, including 1 entities, in source file pruebasalu/unidad_logico_aritmetica_test_2.sv
    Info (12023): Found entity 1: unidad_logico_aritmetica_test_2 File: D:/ProgramData/intelFPGA_lite/18.0/Laboratorio3/ALU/PruebasALU/unidad_logico_aritmetica_test_2.sv Line: 1
Info (12021): Found 1 design units, including 1 entities, in source file pruebasalu/unidad_logico_aritmetica_test_3.sv
    Info (12023): Found entity 1: unidad_logico_aritmetica_test_3 File: D:/ProgramData/intelFPGA_lite/18.0/Laboratorio3/ALU/PruebasALU/unidad_logico_aritmetica_test_3.sv Line: 1
Info (12021): Found 1 design units, including 1 entities, in source file pruebasalu/unidad_logico_aritmetica_test_4.sv
    Info (12023): Found entity 1: unidad_logico_aritmetica_test_4 File: D:/ProgramData/intelFPGA_lite/18.0/Laboratorio3/ALU/PruebasALU/unidad_logico_aritmetica_test_4.sv Line: 1
Info (12021): Found 1 design units, including 1 entities, in source file pruebasalu/unidad_logico_aritmetica_test_5.sv
    Info (12023): Found entity 1: unidad_logico_aritmetica_test_5 File: D:/ProgramData/intelFPGA_lite/18.0/Laboratorio3/ALU/PruebasALU/unidad_logico_aritmetica_test_5.sv Line: 1
Info (12021): Found 1 design units, including 1 entities, in source file pruebasalu/unidad_logico_aritmetica_test_6.sv
    Info (12023): Found entity 1: unidad_logico_aritmetica_test_6 File: D:/ProgramData/intelFPGA_lite/18.0/Laboratorio3/ALU/PruebasALU/unidad_logico_aritmetica_test_6.sv Line: 1
Info (12127): Elaborating entity "unidad_logico_aritmetica_test_6" for the top level hierarchy
Info (12128): Elaborating entity "unidad_logico_aritmetica" for hierarchy "unidad_logico_aritmetica:PRUEBA" File: D:/ProgramData/intelFPGA_lite/18.0/Laboratorio3/ALU/PruebasALU/unidad_logico_aritmetica_test_6.sv Line: 11
Info (12128): Elaborating entity "compuerta_and" for hierarchy "unidad_logico_aritmetica:PRUEBA|compuerta_and:And" File: D:/ProgramData/intelFPGA_lite/18.0/Laboratorio3/ALU/Unidad/unidad_logico_aritmetica.sv Line: 19
Info (12128): Elaborating entity "compuerta_or" for hierarchy "unidad_logico_aritmetica:PRUEBA|compuerta_or:Or" File: D:/ProgramData/intelFPGA_lite/18.0/Laboratorio3/ALU/Unidad/unidad_logico_aritmetica.sv Line: 20
Info (12128): Elaborating entity "compuerta_xor" for hierarchy "unidad_logico_aritmetica:PRUEBA|compuerta_xor:Xor" File: D:/ProgramData/intelFPGA_lite/18.0/Laboratorio3/ALU/Unidad/unidad_logico_aritmetica.sv Line: 21
Info (12128): Elaborating entity "compuerta_not" for hierarchy "unidad_logico_aritmetica:PRUEBA|compuerta_not:Not" File: D:/ProgramData/intelFPGA_lite/18.0/Laboratorio3/ALU/Unidad/unidad_logico_aritmetica.sv Line: 22
Info (12128): Elaborating entity "correr_derecha_logico" for hierarchy "unidad_logico_aritmetica:PRUEBA|correr_derecha_logico:RAShiftL" File: D:/ProgramData/intelFPGA_lite/18.0/Laboratorio3/ALU/Unidad/unidad_logico_aritmetica.sv Line: 24
Info (12128): Elaborating entity "correr_izquierda_logico" for hierarchy "unidad_logico_aritmetica:PRUEBA|correr_izquierda_logico:LAShiftL" File: D:/ProgramData/intelFPGA_lite/18.0/Laboratorio3/ALU/Unidad/unidad_logico_aritmetica.sv Line: 25
Info (12128): Elaborating entity "mux3a8" for hierarchy "unidad_logico_aritmetica:PRUEBA|mux3a8:MuxL" File: D:/ProgramData/intelFPGA_lite/18.0/Laboratorio3/ALU/Unidad/unidad_logico_aritmetica.sv Line: 30
Info (12128): Elaborating entity "sumador" for hierarchy "unidad_logico_aritmetica:PRUEBA|sumador:Add" File: D:/ProgramData/intelFPGA_lite/18.0/Laboratorio3/ALU/Unidad/unidad_logico_aritmetica.sv Line: 32
Info (12128): Elaborating entity "restador" for hierarchy "unidad_logico_aritmetica:PRUEBA|restador:Minus" File: D:/ProgramData/intelFPGA_lite/18.0/Laboratorio3/ALU/Unidad/unidad_logico_aritmetica.sv Line: 33
Info (12128): Elaborating entity "correr_derecha_aritmetico" for hierarchy "unidad_logico_aritmetica:PRUEBA|correr_derecha_aritmetico:RAShiftA" File: D:/ProgramData/intelFPGA_lite/18.0/Laboratorio3/ALU/Unidad/unidad_logico_aritmetica.sv Line: 35
Info (12128): Elaborating entity "correr_izquierda_aritmetico" for hierarchy "unidad_logico_aritmetica:PRUEBA|correr_izquierda_aritmetico:LAShiftA" File: D:/ProgramData/intelFPGA_lite/18.0/Laboratorio3/ALU/Unidad/unidad_logico_aritmetica.sv Line: 36
Info (12128): Elaborating entity "mux1a2" for hierarchy "unidad_logico_aritmetica:PRUEBA|mux1a2:MuxR" File: D:/ProgramData/intelFPGA_lite/18.0/Laboratorio3/ALU/Unidad/unidad_logico_aritmetica.sv Line: 43
Info (12128): Elaborating entity "flag_negativo" for hierarchy "unidad_logico_aritmetica:PRUEBA|flag_negativo:Fnegativo" File: D:/ProgramData/intelFPGA_lite/18.0/Laboratorio3/ALU/Unidad/unidad_logico_aritmetica.sv Line: 45
Info (12128): Elaborating entity "flag_cero" for hierarchy "unidad_logico_aritmetica:PRUEBA|flag_cero:FCero" File: D:/ProgramData/intelFPGA_lite/18.0/Laboratorio3/ALU/Unidad/unidad_logico_aritmetica.sv Line: 46
Info (12128): Elaborating entity "flag_overflow" for hierarchy "unidad_logico_aritmetica:PRUEBA|flag_overflow:FOverflow" File: D:/ProgramData/intelFPGA_lite/18.0/Laboratorio3/ALU/Unidad/unidad_logico_aritmetica.sv Line: 47
Info (12128): Elaborating entity "flag_carry" for hierarchy "unidad_logico_aritmetica:PRUEBA|flag_carry:FCarry" File: D:/ProgramData/intelFPGA_lite/18.0/Laboratorio3/ALU/Unidad/unidad_logico_aritmetica.sv Line: 48
Warning (12241): 1 hierarchies have connectivity warnings - see the Connectivity Checks report folder
Info: Quartus Prime Analysis & Elaboration was successful. 0 errors, 2 warnings
    Info: Peak virtual memory: 4774 megabytes
    Info: Processing ended: Sat May 02 23:17:01 2020
    Info: Elapsed time: 00:00:13
    Info: Total CPU time (on all processors): 00:00:29


